<!DOCTYPE html>
<html>
<head lang="en">
    <meta charset="UTF-8">
    <title>Handlebars</title>
</head>
<body>
    <h1>Lorem Ipsum is simply dummy text of the printing and typesetting industry</h1>
</body>
</html>