<!DOCTYPE html>
<html>
<head lang="ru">
    <meta charset="UTF-8">
    <title>Хандлебарс</title>
</head>
<body>
    <h1>Lorem Ipsum - это текст-'рыба', часто используемый в печати и вэб-дизайне.</h1>
</body>
</html>